
> renderandrank.com@0.0.1 typecheck
> astro check && tsc --noEmit

[2m18:43:45[22m [34m[types][39m Generated [2m6.02s[22m
[2m18:43:45[22m [34m[check][39m Getting diagnostics for Astro files in D:\Omar's Saved\OpenCode\renderandrank.com...
[96msrc/components/AiVisibilityChecker.tsx[0m:[93m118[0m:[93m40[0m - [93mwarning[0m[90m ts(6385): [0m'FormEvent' is deprecated.

[7m118[0m   async function handleSubmit(e: React.FormEvent) {
[7m   [0m [93m                                       ~~~~~~~~~[0m

[96msrc/components/AuditForm.astro[0m:[93m177[0m:[93m30[0m - [93mwarning[0m[90m astro(4000): [0mThis script will be treated as if it has the `is:inline` directive because it contains an attribute. Therefore, features that require processing (e.g. using TypeScript or npm packages in the script) are unavailable.

See docs for more details: https://docs.astro.build/en/guides/client-side-scripts/#script-processing.

Add the `is:inline` directive explicitly to silence this hint.

[7m177[0m {turnstileSiteKey && <script src="https://challenges.cloudflare.com/turnstile/v0/api.js" async defer></script>}
[7m   [0m [93m                             ~~~[0m

[96msrc/components/BookCallButton.astro[0m:[93m26[0m:[93m7[0m - [93mwarning[0m[90m ts(6133): [0m'calCom' is declared but its value is never read.

[7m26[0m const { calCom } = siteConfig;
[7m  [0m [93m      ~~~~~~~~~~[0m

[96msrc/components/CalScript.astro[0m:[93m44[0m:[93m17[0m - [93mwarning[0m[90m ts(80002): [0mThis constructor function may be converted to a class declaration.

[7m44[0m           const api = function () {
[7m  [0m [93m                ~~~[0m

[96msrc/components/ServiceDetail.astro[0m:[93m63[0m:[93m23[0m - [93mwarning[0m[90m astro(4000): [0mThis script will be treated as if it has the `is:inline` directive because it contains an attribute. Therefore, features that require processing (e.g. using TypeScript or npm packages in the script) are unavailable.

See docs for more details: https://docs.astro.build/en/guides/client-side-scripts/#script-processing.

Add the `is:inline` directive explicitly to silence this hint.

[7m63[0m {faqSchema && <script type="application/ld+json" set:html={JSON.stringify(faqSchema)} />}
[7m  [0m [93m                      ~~~~[0m
[96msrc/components/ServiceDetail.astro[0m:[93m62[0m:[93m9[0m - [93mwarning[0m[90m astro(4000): [0mThis script will be treated as if it has the `is:inline` directive because it contains an attribute. Therefore, features that require processing (e.g. using TypeScript or npm packages in the script) are unavailable.

See docs for more details: https://docs.astro.build/en/guides/client-side-scripts/#script-processing.

Add the `is:inline` directive explicitly to silence this hint.

[7m62[0m <script type="application/ld+json" set:html={JSON.stringify(serviceSchema)} />
[7m  [0m [93m        ~~~~[0m

[96msrc/components/nav/MobileNav.tsx[0m:[93m29[0m:[93m3[0m - [93mwarning[0m[90m ts(6133): [0m'calLink' is declared but its value is never read.

[7m29[0m   calLink,
[7m  [0m [93m  ~~~~~~~[0m
[96msrc/components/nav/MobileNav.tsx[0m:[93m28[0m:[93m3[0m - [93mwarning[0m[90m ts(6133): [0m'calNamespace' is declared but its value is never read.

[7m28[0m   calNamespace,
[7m  [0m [93m  ~~~~~~~~~~~~[0m

[96msrc/components/pricing/PricingTabs.tsx[0m:[93m72[0m:[93m3[0m - [93mwarning[0m[90m ts(6133): [0m'calLink' is declared but its value is never read.

[7m72[0m   calLink,
[7m  [0m [93m  ~~~~~~~[0m
[96msrc/components/pricing/PricingTabs.tsx[0m:[93m71[0m:[93m3[0m - [93mwarning[0m[90m ts(6133): [0m'calNamespace' is declared but its value is never read.

[7m71[0m   calNamespace,
[7m  [0m [93m  ~~~~~~~~~~~~[0m

[96msrc/components/roi/RoiCalculator.tsx[0m:[93m6[0m:[93m1[0m - [93mwarning[0m[90m ts(6133): [0m'getVisitorId' is declared but its value is never read.

[7m6[0m import { getVisitorId } from "../../lib/visitorClient"
[7m [0m [93m~~~~~~~~~~~~~~~~~~~~~~~~~~~~~~~~~~~~~~~~~~~~~~~~~~~~~~[0m

[96msrc/layouts/Layout.astro[0m:[93m174[0m:[93m13[0m - [93mwarning[0m[90m astro(4000): [0mThis script will be treated as if it has the `is:inline` directive because it contains an attribute. Therefore, features that require processing (e.g. using TypeScript or npm packages in the script) are unavailable.

See docs for more details: https://docs.astro.build/en/guides/client-side-scripts/#script-processing.

Add the `is:inline` directive explicitly to silence this hint.

[7m174[0m     <script type="application/ld+json" set:html={JSON.stringify(structuredData)} />
[7m   [0m [93m            ~~~~[0m

[96msrc/lib/voiceSession.ts[0m:[93m96[0m:[93m11[0m - [93mwarning[0m[90m ts(6133): [0m'resumptionHandle' is declared but its value is never read.

[7m96[0m   private resumptionHandle: string | null = null;
[7m  [0m [93m          ~~~~~~~~~~~~~~~~[0m

[96msrc/pages/contact.astro[0m:[93m229[0m:[93m30[0m - [93mwarning[0m[90m astro(4000): [0mThis script will be treated as if it has the `is:inline` directive because it contains an attribute. Therefore, features that require processing (e.g. using TypeScript or npm packages in the script) are unavailable.

See docs for more details: https://docs.astro.build/en/guides/client-side-scripts/#script-processing.

Add the `is:inline` directive explicitly to silence this hint.

[7m229[0m {turnstileSiteKey && <script src="https://challenges.cloudflare.com/turnstile/v0/api.js" async defer></script>}
[7m   [0m [93m                             ~~~[0m

Result (95 files): 
- 0 errors
- 0 warnings
- 14 hints

